// Vitest Snapshot v1, https://vitest.dev/guide/snapshot.html

exports[`StaffHeader > should match snapshot 1`] = `
{
  "asFragment": [Function],
  "baseElement": <body>
    <div>
      <div
        class="_header_2da5b5"
      >
        <input
          class="_input_76cf42 _input_2da5b5"
          data-testid="input-field"
          placeholder="Search..."
          value=""
        />
        <div
          class="_dropdowns_2da5b5"
        >
          <div
            class="_container_b2c890 _dropdown_2da5b5"
          >
            <div
              class="_dropdown_b2c890"
              data-testid="dropdown-container"
            >
              <button
                class="_title_b2c890"
                data-testid="dropdown-header"
              >
                All Company
                <svg
                  class="icon icon-chevron _icon_b2c890"
                  data-testid="icon"
                  height="8"
                  stroke=""
                  width="8"
                >
                  <use
                    xlink:href="/src/assets/img/general/icons.svg#chevron"
                  />
                </svg>
              </button>
            </div>
          </div>
          <div
            class="_container_b2c890 _dropdown_2da5b5"
          >
            <div
              class="_dropdown_b2c890"
              data-testid="dropdown-container"
            >
              <button
                class="_title_b2c890"
                data-testid="dropdown-header"
              >
                All Role
                <svg
                  class="icon icon-chevron _icon_b2c890"
                  data-testid="icon"
                  height="8"
                  stroke=""
                  width="8"
                >
                  <use
                    xlink:href="/src/assets/img/general/icons.svg#chevron"
                  />
                </svg>
              </button>
            </div>
          </div>
        </div>
      </div>
    </div>
  </body>,
  "container": <div>
    <div
      class="_header_2da5b5"
    >
      <input
        class="_input_76cf42 _input_2da5b5"
        data-testid="input-field"
        placeholder="Search..."
        value=""
      />
      <div
        class="_dropdowns_2da5b5"
      >
        <div
          class="_container_b2c890 _dropdown_2da5b5"
        >
          <div
            class="_dropdown_b2c890"
            data-testid="dropdown-container"
          >
            <button
              class="_title_b2c890"
              data-testid="dropdown-header"
            >
              All Company
              <svg
                class="icon icon-chevron _icon_b2c890"
                data-testid="icon"
                height="8"
                stroke=""
                width="8"
              >
                <use
                  xlink:href="/src/assets/img/general/icons.svg#chevron"
                />
              </svg>
            </button>
          </div>
        </div>
        <div
          class="_container_b2c890 _dropdown_2da5b5"
        >
          <div
            class="_dropdown_b2c890"
            data-testid="dropdown-container"
          >
            <button
              class="_title_b2c890"
              data-testid="dropdown-header"
            >
              All Role
              <svg
                class="icon icon-chevron _icon_b2c890"
                data-testid="icon"
                height="8"
                stroke=""
                width="8"
              >
                <use
                  xlink:href="/src/assets/img/general/icons.svg#chevron"
                />
              </svg>
            </button>
          </div>
        </div>
      </div>
    </div>
  </div>,
  "debug": [Function],
  "findAllByAltText": [Function],
  "findAllByDisplayValue": [Function],
  "findAllByLabelText": [Function],
  "findAllByPlaceholderText": [Function],
  "findAllByRole": [Function],
  "findAllByTestId": [Function],
  "findAllByText": [Function],
  "findAllByTitle": [Function],
  "findByAltText": [Function],
  "findByDisplayValue": [Function],
  "findByLabelText": [Function],
  "findByPlaceholderText": [Function],
  "findByRole": [Function],
  "findByTestId": [Function],
  "findByText": [Function],
  "findByTitle": [Function],
  "getAllByAltText": [Function],
  "getAllByDisplayValue": [Function],
  "getAllByLabelText": [Function],
  "getAllByPlaceholderText": [Function],
  "getAllByRole": [Function],
  "getAllByTestId": [Function],
  "getAllByText": [Function],
  "getAllByTitle": [Function],
  "getByAltText": [Function],
  "getByDisplayValue": [Function],
  "getByLabelText": [Function],
  "getByPlaceholderText": [Function],
  "getByRole": [Function],
  "getByTestId": [Function],
  "getByText": [Function],
  "getByTitle": [Function],
  "queryAllByAltText": [Function],
  "queryAllByDisplayValue": [Function],
  "queryAllByLabelText": [Function],
  "queryAllByPlaceholderText": [Function],
  "queryAllByRole": [Function],
  "queryAllByTestId": [Function],
  "queryAllByText": [Function],
  "queryAllByTitle": [Function],
  "queryByAltText": [Function],
  "queryByDisplayValue": [Function],
  "queryByLabelText": [Function],
  "queryByPlaceholderText": [Function],
  "queryByRole": [Function],
  "queryByTestId": [Function],
  "queryByText": [Function],
  "queryByTitle": [Function],
  "rerender": [Function],
  "unmount": [Function],
}
`;
