// Vitest Snapshot v1, https://vitest.dev/guide/snapshot.html

exports[`Staff > should match snapshot 1`] = `
{
  "asFragment": [Function],
  "baseElement": <body>
    <div>
      <div
        class="_container_f6dca3"
      >
        <div
          class="_header_f6dca3"
        >
          <h1
            class="_title_f6dca3"
          >
            Staff Management
          </h1>
          <div
            class="_container_969790"
          >
            <p
              class="_text_969790"
            >
              Light
            </p>
            <input
              class="_input_45a7d5"
              data-testid="switch-toggle"
              type="checkbox"
            />
            <p
              class="_text_969790"
            >
              Dark
            </p>
          </div>
        </div>
        <div
          class="_header_2da5b5"
        >
          <input
            class="_input_76cf42 _input_2da5b5"
            data-testid="input-field"
            placeholder="Search..."
            value=""
          />
          <div
            class="_dropdowns_2da5b5"
          >
            <div
              class="_container_b2c890 _dropdown_2da5b5"
            >
              <div
                class="_dropdown_b2c890"
                data-testid="dropdown-container"
              >
                <button
                  class="_title_b2c890"
                  data-testid="dropdown-header"
                >
                  All Company
                  <svg
                    class="icon icon-chevron _icon_b2c890"
                    data-testid="icon"
                    height="8"
                    stroke=""
                    width="8"
                  >
                    <use
                      xlink:href="/src/assets/img/general/icons.svg#chevron"
                    />
                  </svg>
                </button>
              </div>
            </div>
            <div
              class="_container_b2c890 _dropdown_2da5b5"
            >
              <div
                class="_dropdown_b2c890"
                data-testid="dropdown-container"
              >
                <button
                  class="_title_b2c890"
                  data-testid="dropdown-header"
                >
                  All Role
                  <svg
                    class="icon icon-chevron _icon_b2c890"
                    data-testid="icon"
                    height="8"
                    stroke=""
                    width="8"
                  >
                    <use
                      xlink:href="/src/assets/img/general/icons.svg#chevron"
                    />
                  </svg>
                </button>
              </div>
            </div>
          </div>
        </div>
        <table
          class="_table_6f0cba"
        >
          <thead
            class="_header_692233"
          >
            <tr
              class="_row_692233"
            >
              <th
                class="_cell_d2877c _sortable_d2877c _asc_d2877c"
                data-testid="table-header-cell"
                style="width: 90px;"
              >
                <div
                  class="_container_d2877c"
                >
                  <svg
                    class="icon icon-arrow _icon_d2877c"
                    data-testid="icon"
                    height="15"
                    stroke=""
                    width="15"
                  >
                    <use
                      xlink:href="/src/assets/img/general/icons.svg#arrow"
                    />
                  </svg>
                  ID
                </div>
              </th>
              <th
                class="_cell_d2877c _sortable_d2877c"
                data-testid="table-header-cell"
                style="width: 350px;"
              >
                <div
                  class="_container_d2877c"
                >
                  <svg
                    class="icon icon-arrow _icon_d2877c"
                    data-testid="icon"
                    height="15"
                    stroke=""
                    width="15"
                  >
                    <use
                      xlink:href="/src/assets/img/general/icons.svg#arrow"
                    />
                  </svg>
                  Profile
                </div>
              </th>
              <th
                class="_cell_d2877c"
                data-testid="table-header-cell"
                style="width: 280px;"
              >
                <div
                  class="_container_d2877c"
                >
                  Email
                </div>
              </th>
              <th
                class="_cell_d2877c _sortable_d2877c"
                data-testid="table-header-cell"
                style="width: 130px;"
              >
                <div
                  class="_container_d2877c"
                >
                  <svg
                    class="icon icon-arrow _icon_d2877c"
                    data-testid="icon"
                    height="15"
                    stroke=""
                    width="15"
                  >
                    <use
                      xlink:href="/src/assets/img/general/icons.svg#arrow"
                    />
                  </svg>
                  Status
                </div>
              </th>
              <th
                class="_cell_d2877c"
                data-testid="table-header-cell"
                style="width: 220px;"
              >
                <div
                  class="_container_d2877c"
                >
                  Role
                </div>
              </th>
              <th
                class="_cell_d2877c"
                data-testid="table-header-cell"
                style="width: 220px;"
              >
                <div
                  class="_container_d2877c"
                >
                  Company
                </div>
              </th>
            </tr>
          </thead>
          <tbody
            class="_body_2d6dd5"
            data-testid="table-body"
          >
            <tr
              class="_row_2d6dd5"
            >
              <td
                class="_cell_2d6dd5"
              >
                1
              </td>
              <td
                class="_cell_2d6dd5"
              >
                <div
                  class="_container_a5316a"
                >
                  <img
                    alt="Gilberte Prin"
                    class="_avatar_3ecbb0"
                    src="./test.png"
                  />
                  <div
                    class="_content_a5316a"
                  >
                    <div
                      class="_name_a5316a"
                    >
                      Gilberte Prin
                    </div>
                    <div
                      class="_username_a5316a"
                    >
                      gprin0
                    </div>
                  </div>
                </div>
              </td>
              <td
                class="_cell_2d6dd5"
              >
                test@test.test
              </td>
              <td
                class="_cell_2d6dd5"
              >
                <span
                  class="_badge_63aabb _green_63aabb"
                >
                  online
                </span>
              </td>
              <td
                class="_cell_2d6dd5"
              >
                Frontend Developer
              </td>
              <td
                class="_cell_2d6dd5"
              >
                Google
              </td>
            </tr>
          </tbody>
        </table>
        <div
          class="_container_08165b _pagination_f6dca3"
          data-testid="pagination"
        >
          <button
            class="_page_08165b _disabled_08165b"
            disabled=""
          >
            Prev
          </button>
          <button
            class="_page_08165b _active_08165b"
            data-id="1"
          >
            1
          </button>
          <button
            class="_page_08165b _disabled_08165b"
            disabled=""
          >
            Next
          </button>
        </div>
      </div>
    </div>
  </body>,
  "container": <div>
    <div
      class="_container_f6dca3"
    >
      <div
        class="_header_f6dca3"
      >
        <h1
          class="_title_f6dca3"
        >
          Staff Management
        </h1>
        <div
          class="_container_969790"
        >
          <p
            class="_text_969790"
          >
            Light
          </p>
          <input
            class="_input_45a7d5"
            data-testid="switch-toggle"
            type="checkbox"
          />
          <p
            class="_text_969790"
          >
            Dark
          </p>
        </div>
      </div>
      <div
        class="_header_2da5b5"
      >
        <input
          class="_input_76cf42 _input_2da5b5"
          data-testid="input-field"
          placeholder="Search..."
          value=""
        />
        <div
          class="_dropdowns_2da5b5"
        >
          <div
            class="_container_b2c890 _dropdown_2da5b5"
          >
            <div
              class="_dropdown_b2c890"
              data-testid="dropdown-container"
            >
              <button
                class="_title_b2c890"
                data-testid="dropdown-header"
              >
                All Company
                <svg
                  class="icon icon-chevron _icon_b2c890"
                  data-testid="icon"
                  height="8"
                  stroke=""
                  width="8"
                >
                  <use
                    xlink:href="/src/assets/img/general/icons.svg#chevron"
                  />
                </svg>
              </button>
            </div>
          </div>
          <div
            class="_container_b2c890 _dropdown_2da5b5"
          >
            <div
              class="_dropdown_b2c890"
              data-testid="dropdown-container"
            >
              <button
                class="_title_b2c890"
                data-testid="dropdown-header"
              >
                All Role
                <svg
                  class="icon icon-chevron _icon_b2c890"
                  data-testid="icon"
                  height="8"
                  stroke=""
                  width="8"
                >
                  <use
                    xlink:href="/src/assets/img/general/icons.svg#chevron"
                  />
                </svg>
              </button>
            </div>
          </div>
        </div>
      </div>
      <table
        class="_table_6f0cba"
      >
        <thead
          class="_header_692233"
        >
          <tr
            class="_row_692233"
          >
            <th
              class="_cell_d2877c _sortable_d2877c _asc_d2877c"
              data-testid="table-header-cell"
              style="width: 90px;"
            >
              <div
                class="_container_d2877c"
              >
                <svg
                  class="icon icon-arrow _icon_d2877c"
                  data-testid="icon"
                  height="15"
                  stroke=""
                  width="15"
                >
                  <use
                    xlink:href="/src/assets/img/general/icons.svg#arrow"
                  />
                </svg>
                ID
              </div>
            </th>
            <th
              class="_cell_d2877c _sortable_d2877c"
              data-testid="table-header-cell"
              style="width: 350px;"
            >
              <div
                class="_container_d2877c"
              >
                <svg
                  class="icon icon-arrow _icon_d2877c"
                  data-testid="icon"
                  height="15"
                  stroke=""
                  width="15"
                >
                  <use
                    xlink:href="/src/assets/img/general/icons.svg#arrow"
                  />
                </svg>
                Profile
              </div>
            </th>
            <th
              class="_cell_d2877c"
              data-testid="table-header-cell"
              style="width: 280px;"
            >
              <div
                class="_container_d2877c"
              >
                Email
              </div>
            </th>
            <th
              class="_cell_d2877c _sortable_d2877c"
              data-testid="table-header-cell"
              style="width: 130px;"
            >
              <div
                class="_container_d2877c"
              >
                <svg
                  class="icon icon-arrow _icon_d2877c"
                  data-testid="icon"
                  height="15"
                  stroke=""
                  width="15"
                >
                  <use
                    xlink:href="/src/assets/img/general/icons.svg#arrow"
                  />
                </svg>
                Status
              </div>
            </th>
            <th
              class="_cell_d2877c"
              data-testid="table-header-cell"
              style="width: 220px;"
            >
              <div
                class="_container_d2877c"
              >
                Role
              </div>
            </th>
            <th
              class="_cell_d2877c"
              data-testid="table-header-cell"
              style="width: 220px;"
            >
              <div
                class="_container_d2877c"
              >
                Company
              </div>
            </th>
          </tr>
        </thead>
        <tbody
          class="_body_2d6dd5"
          data-testid="table-body"
        >
          <tr
            class="_row_2d6dd5"
          >
            <td
              class="_cell_2d6dd5"
            >
              1
            </td>
            <td
              class="_cell_2d6dd5"
            >
              <div
                class="_container_a5316a"
              >
                <img
                  alt="Gilberte Prin"
                  class="_avatar_3ecbb0"
                  src="./test.png"
                />
                <div
                  class="_content_a5316a"
                >
                  <div
                    class="_name_a5316a"
                  >
                    Gilberte Prin
                  </div>
                  <div
                    class="_username_a5316a"
                  >
                    gprin0
                  </div>
                </div>
              </div>
            </td>
            <td
              class="_cell_2d6dd5"
            >
              test@test.test
            </td>
            <td
              class="_cell_2d6dd5"
            >
              <span
                class="_badge_63aabb _green_63aabb"
              >
                online
              </span>
            </td>
            <td
              class="_cell_2d6dd5"
            >
              Frontend Developer
            </td>
            <td
              class="_cell_2d6dd5"
            >
              Google
            </td>
          </tr>
        </tbody>
      </table>
      <div
        class="_container_08165b _pagination_f6dca3"
        data-testid="pagination"
      >
        <button
          class="_page_08165b _disabled_08165b"
          disabled=""
        >
          Prev
        </button>
        <button
          class="_page_08165b _active_08165b"
          data-id="1"
        >
          1
        </button>
        <button
          class="_page_08165b _disabled_08165b"
          disabled=""
        >
          Next
        </button>
      </div>
    </div>
  </div>,
  "debug": [Function],
  "findAllByAltText": [Function],
  "findAllByDisplayValue": [Function],
  "findAllByLabelText": [Function],
  "findAllByPlaceholderText": [Function],
  "findAllByRole": [Function],
  "findAllByTestId": [Function],
  "findAllByText": [Function],
  "findAllByTitle": [Function],
  "findByAltText": [Function],
  "findByDisplayValue": [Function],
  "findByLabelText": [Function],
  "findByPlaceholderText": [Function],
  "findByRole": [Function],
  "findByTestId": [Function],
  "findByText": [Function],
  "findByTitle": [Function],
  "getAllByAltText": [Function],
  "getAllByDisplayValue": [Function],
  "getAllByLabelText": [Function],
  "getAllByPlaceholderText": [Function],
  "getAllByRole": [Function],
  "getAllByTestId": [Function],
  "getAllByText": [Function],
  "getAllByTitle": [Function],
  "getByAltText": [Function],
  "getByDisplayValue": [Function],
  "getByLabelText": [Function],
  "getByPlaceholderText": [Function],
  "getByRole": [Function],
  "getByTestId": [Function],
  "getByText": [Function],
  "getByTitle": [Function],
  "queryAllByAltText": [Function],
  "queryAllByDisplayValue": [Function],
  "queryAllByLabelText": [Function],
  "queryAllByPlaceholderText": [Function],
  "queryAllByRole": [Function],
  "queryAllByTestId": [Function],
  "queryAllByText": [Function],
  "queryAllByTitle": [Function],
  "queryByAltText": [Function],
  "queryByDisplayValue": [Function],
  "queryByLabelText": [Function],
  "queryByPlaceholderText": [Function],
  "queryByRole": [Function],
  "queryByTestId": [Function],
  "queryByText": [Function],
  "queryByTitle": [Function],
  "rerender": [Function],
  "unmount": [Function],
}
`;
